// Jest Snapshot v1, https://goo.gl/fbAQLP

exports[`should take a snapshot 1`] = `
<DocumentFragment>
  <header
    class="sc-bczRLJ bvxpDg"
  >
    <h1
      class="sc-gsnTZi lkqumo"
    >
      Habit
    </h1>
    <div
      class="sc-dkzDqf eCPrbb"
    >
      <button
        class="sc-hKMtZM sc-eCYdqJ jufqKh"
      >
        <svg
          fill="currentColor"
          height="26"
          stroke="currentColor"
          stroke-width="0"
          viewBox="0 0 512 512"
          width="26"
          xmlns="http://www.w3.org/2000/svg"
        >
          <path
            d="M416 277.333H277.333V416h-42.666V277.333H96v-42.666h138.667V96h42.666v138.667H416v42.666z"
          />
        </svg>
      </button>
      <button
        class="sc-hKMtZM sc-jSMfEi jufqKh"
      >
        <svg
          fill="currentColor"
          height="25"
          stroke="currentColor"
          stroke-width="0"
          viewBox="0 0 24 24"
          width="25"
          xmlns="http://www.w3.org/2000/svg"
        >
          <path
            d="M21 3H5a1 1 0 0 0-1 1v2.59c0 .523.213 1.037.583 1.407L10 13.414V21a1.001 1.001 0 0 0 1.447.895l4-2c.339-.17.553-.516.553-.895v-5.586l5.417-5.417c.37-.37.583-.884.583-1.407V4a1 1 0 0 0-1-1zm-6.707 9.293A.996.996 0 0 0 14 13v5.382l-2 1V13a.996.996 0 0 0-.293-.707L6 6.59V5h14.001l.002 1.583-5.71 5.71z"
          />
        </svg>
      </button>
      <button
        class="sc-hKMtZM sc-gKXOVf jufqKh"
      >
        <svg
          fill="currentColor"
          height="30"
          stroke="currentColor"
          stroke-width="0"
          viewBox="0 0 24 24"
          width="30"
          xmlns="http://www.w3.org/2000/svg"
        >
          <path
            d="M0 0h24v24H0V0z"
            fill="none"
          />
          <path
            d="M12 8c1.1 0 2-.9 2-2s-.9-2-2-2-2 .9-2 2 .9 2 2 2zm0 2c-1.1 0-2 .9-2 2s.9 2 2 2 2-.9 2-2-.9-2-2-2zm0 6c-1.1 0-2 .9-2 2s.9 2 2 2 2-.9 2-2-.9-2-2-2z"
          />
        </svg>
      </button>
    </div>
  </header>
  <div
    class="sc-iBkjds ldSZEk"
  >
    <div
      class="sc-ftvSup kleWek"
    >
      Tue
      <br />
      10
    </div>
    <div>
      Mon
      <br />
      9
    </div>
    <div>
      Sun
      <br />
      8
    </div>
    <div>
      Sat
      <br />
      7
    </div>
    <div>
      Fri
      <br />
      6
    </div>
  </div>
  <div
    class="sc-evZas isjUon"
  />
</DocumentFragment>
`;
